C51 COMPILER V9.50a   MAIN                                                                 02/09/2020 09:17:29 PAGE 1   


C51 COMPILER V9.50a, COMPILATION OF MODULE MAIN
OBJECT MODULE PLACED IN main.OBJ
COMPILER INVOKED BY: C:\Keil\C51\BIN\C51.EXE main.c BROWSE DEBUG OBJECTEXTEND TABS(2)

line level    source

   1          #include<reg51.h>
   2          
   3          void lcd_init(void);
   4          void lcd_command(unsigned char a);
   5          void lcd_data(unsigned char b);
   6          void delay(unsigned int c);
   7          void send_string(unsigned char *ch);
   8          
   9          unsigned int a[10];
  10          
  11          sbit rs=P2^0;
  12          sbit rw=P2^1;
  13          sbit e=P2^2;
  14          
  15          int main()
  16          {
  17   1        //setting ports as output
  18   1        P1=0x00;
  19   1        P2=0x00;
  20   1        lcd_init();
  21   1        delay(1);
  22   1        send_string("HI evryone");
  23   1        lcd_command(0xC0);//next line
  24   1        send_string("sushant");
  25   1        while(1);
  26   1        
  27   1      }
  28          void lcd_init()
  29          {
  30   1        lcd_command(0x01);//clear display
  31   1        lcd_command(0x06);//shift display to right
  32   1        lcd_command(0x0C);//disp on cursor off
  33   1        lcd_command(0x38);//5*7matrix
  34   1        lcd_command(0x80);//take control to beginning
  35   1      }
  36          void lcd_command(unsigned char a)
  37          {
  38   1        P1=a;
  39   1        rs=0;
  40   1        rw=0;
  41   1        e=1;
  42   1        delay(1);
  43   1        e=0;
  44   1      }
  45          
  46          void lcd_data(unsigned char b)
  47          {
  48   1        P1=b;
  49   1        rs=1;
  50   1        rw=0;
  51   1        e=1;
  52   1        delay(1);
  53   1        e=0;
  54   1      }
  55          void send_string(unsigned char *ch)
C51 COMPILER V9.50a   MAIN                                                                 02/09/2020 09:17:29 PAGE 2   

  56          {
  57   1        while(*ch != '\0')
  58   1        {
  59   2          lcd_data(*ch);
  60   2          ch++;
  61   2        }
  62   1      }
  63          void delay(unsigned int c)
  64          {
  65   1        unsigned int b;
  66   1        for(b=0;b<1000*c;b++);
  67   1      }


MODULE INFORMATION:   STATIC OVERLAYABLE
   CODE SIZE        =    155    ----
   CONSTANT SIZE    =     19    ----
   XDATA SIZE       =   ----    ----
   PDATA SIZE       =   ----    ----
   DATA SIZE        =     20       3
   IDATA SIZE       =   ----    ----
   BIT SIZE         =   ----    ----
END OF MODULE INFORMATION.


C51 COMPILATION COMPLETE.  0 WARNING(S),  0 ERROR(S)
